# 1. 内存不足

## 1.1. 问题由来
在宿主机执行composer容器运行 composer update 时报错：
```shell
[ErrorException]                          
proc_open(): fork failed - Out of memory
```
## 1.2. 错误检查
查看日志 /var/log/messages 中可以看到 out_of_memory 字样：
```vim
Oct 28 11:32:28 centos7 kernel: docker-containe invoked oom-killer: gfp_mask=0x201da, order=0, oom_score_adj=-500
Oct 28 11:32:28 centos7 kernel: docker-containe cpuset=/ mems_allowed=0
Oct 28 11:32:28 centos7 kernel: CPU: 0 PID: 11029 Comm: docker-containe Not tainted 3.10.0-957.27.2.el7.x86_64 #1
Oct 28 11:32:28 centos7 kernel: Hardware name: Alibaba Cloud Alibaba Cloud ECS, BIOS rel-1.7.5-0-ge51488c-20140602_164612-nilsson.home.kraxel.org 04/01/2014
Oct 28 11:32:28 centos7 kernel: Call Trace:
Oct 28 11:32:28 centos7 kernel: [<ffffffff94f64147>] dump_stack+0x19/0x1b
Oct 28 11:32:28 centos7 kernel: [<ffffffff94f5eb6a>] dump_header+0x90/0x229
Oct 28 11:32:28 centos7 kernel: [<ffffffff94902372>] ? ktime_get_ts64+0x52/0xf0
Oct 28 11:32:28 centos7 kernel: [<ffffffff949595af>] ? delayacct_end+0x8f/0xb0
Oct 28 11:32:28 centos7 kernel: [<ffffffffc037f71a>] ? virtballoon_oom_notify+0x2a/0x70 [virtio_balloon]
Oct 28 11:32:28 centos7 kernel: [<ffffffff949bb904>] oom_kill_process+0x254/0x3d0
Oct 28 11:32:28 centos7 kernel: [<ffffffff949bb3ad>] ? oom_unkillable_task+0xcd/0x120
Oct 28 11:32:28 centos7 kernel: [<ffffffff949bb456>] ? find_lock_task_mm+0x56/0xc0
Oct 28 11:32:28 centos7 kernel: [<ffffffff949bc146>] out_of_memory+0x4b6/0x4f0
Oct 28 11:32:28 centos7 kernel: [<ffffffff94f5f66e>] __alloc_pages_slowpath+0x5d6/0x724
Oct 28 11:32:28 centos7 kernel: [<ffffffff949c2524>] __alloc_pages_nodemask+0x404/0x420
Oct 28 11:32:28 centos7 kernel: [<ffffffff94a0f438>] alloc_pages_current+0x98/0x110
Oct 28 11:32:28 centos7 kernel: [<ffffffff949b7767>] __page_cache_alloc+0x97/0xb0
Oct 28 11:32:28 centos7 kernel: [<ffffffff949ba3c8>] filemap_fault+0x298/0x490
Oct 28 11:32:28 centos7 kernel: [<ffffffffc02ed186>] ext4_filemap_fault+0x36/0x50 [ext4]
Oct 28 11:32:28 centos7 kernel: [<ffffffff949e593a>] __do_fault.isra.59+0x8a/0x100
Oct 28 11:32:28 centos7 kernel: [<ffffffff949e5eec>] do_read_fault.isra.61+0x4c/0x1b0
Oct 28 11:32:28 centos7 kernel: [<ffffffff949ea874>] handle_pte_fault+0x2f4/0xd10
Oct 28 11:32:28 centos7 kernel: [<ffffffff949b7b8b>] ? unlock_page+0x2b/0x30
Oct 28 11:32:28 centos7 kernel: [<ffffffff9490de8c>] ? get_futex_key+0x19c/0x2c0
Oct 28 11:32:28 centos7 kernel: [<ffffffff949ed3ad>] handle_mm_fault+0x39d/0x9b0
Oct 28 11:32:28 centos7 kernel: [<ffffffff94f71603>] __do_page_fault+0x203/0x4f0
Oct 28 11:32:28 centos7 kernel: [<ffffffff94f719d6>] trace_do_page_fault+0x56/0x150
Oct 28 11:32:28 centos7 kernel: [<ffffffff94f70f62>] do_async_page_fault+0x22/0xf0
Oct 28 11:32:28 centos7 kernel: [<ffffffff94f6d798>] async_page_fault+0x28/0x30
Oct 28 11:32:28 centos7 kernel: Mem-Info:
Oct 28 11:32:28 centos7 kernel: active_anon:214440 inactive_anon:63 isolated_anon:0#012 active_file:1868 inactive_file:4777 isolated_file:0#012 unevictable:0 dirty:0 writeback:0 unstable:0#012 slab_reclaimable:5333 slab_unreclaimable:5471#012 mapped:226 shmem:204 pagetables:1869 bounce:0#012 free:12220 free_pcp:30 free_cma:0
Oct 28 11:32:28 centos7 kernel: Node 0 DMA free:4592kB min:708kB low:884kB high:1060kB active_anon:7952kB inactive_anon:8kB active_file:464kB inactive_file:2156kB unevictable:0kB isolated(anon):0kB isolated(file):0kB present:15992kB managed:15908kB mlocked:0kB dirty:0kB writeback:0kB mapped:12kB shmem:16kB slab_reclaimable:292kB slab_unreclaimable:196kB kernel_stack:160kB pagetables:68kB unstable:0kB bounce:0kB free_pcp:0kB local_pcp:0kB free_cma:0kB writeback_tmp:0kB pages_scanned:5385 all_unreclaimable? yes
Oct 28 11:32:28 centos7 kernel: lowmem_reserve[]: 0 972 972 972
Oct 28 11:32:28 centos7 kernel: Node 0 DMA32 free:44288kB min:44344kB low:55428kB high:66516kB active_anon:849808kB inactive_anon:244kB active_file:7008kB inactive_file:16952kB unevictable:0kB isolated(anon):0kB isolated(file):0kB present:1032064kB managed:998984kB mlocked:0kB dirty:0kB writeback:0kB mapped:892kB shmem:800kB slab_reclaimable:21040kB slab_unreclaimable:21688kB kernel_stack:4528kB pagetables:7408kB unstable:0kB bounce:0kB free_pcp:120kB local_pcp:120kB free_cma:0kB writeback_tmp:0kB pages_scanned:31480 all_unreclaimable? yes
Oct 28 11:32:28 centos7 kernel: lowmem_reserve[]: 0 0 0 0
Oct 28 11:32:28 centos7 kernel: Node 0 DMA: 22*4kB (UE) 15*8kB (UE) 4*16kB (UE) 7*32kB (UEM) 6*64kB (UE) 5*128kB (UEM) 2*256kB (UE) 1*512kB (M) 2*1024kB (EM) 0*2048kB 0*4096kB = 4592kB
Oct 28 11:32:28 centos7 kernel: Node 0 DMA32: 546*4kB (UE) 855*8kB (UE) 592*16kB (UE) 264*32kB (UE) 123*64kB (UE) 44*128kB (UEM) 15*256kB (UEM) 0*512kB 0*1024kB 0*2048kB 0*4096kB = 44288kB
Oct 28 11:32:28 centos7 kernel: Node 0 hugepages_total=0 hugepages_free=0 hugepages_surp=0 hugepages_size=1048576kB
Oct 28 11:32:28 centos7 kernel: Node 0 hugepages_total=0 hugepages_free=0 hugepages_surp=0 hugepages_size=2048kB
Oct 28 11:32:28 centos7 kernel: 6867 total pagecache pages
Oct 28 11:32:28 centos7 kernel: 0 pages in swap cache
Oct 28 11:32:28 centos7 kernel: Swap cache stats: add 0, delete 0, find 0/0
Oct 28 11:32:28 centos7 kernel: Free swap  = 0kB
Oct 28 11:32:28 centos7 kernel: Total swap = 0kB
Oct 28 11:32:28 centos7 kernel: 262014 pages RAM
Oct 28 11:32:28 centos7 kernel: 0 pages HighMem/MovableOnly
Oct 28 11:32:28 centos7 kernel: 8291 pages reserved
Oct 28 11:32:28 centos7 kernel: [ pid ]   uid  tgid total_vm      rss nr_ptes swapents oom_score_adj name
Oct 28 11:32:28 centos7 kernel: [  338]     0   338    19091       93      43        0             0 systemd-journal
Oct 28 11:32:28 centos7 kernel: [  364]     0   364    29160       78      26        0             0 lvmetad
Oct 28 11:32:28 centos7 kernel: [  371]     0   371    11131      149      22        0         -1000 systemd-udevd
Oct 28 11:32:28 centos7 kernel: [  468]     0   468    13882      115      28        0         -1000 auditd
Oct 28 11:32:28 centos7 kernel: [  491]   999   491   153114     1681      65        0             0 polkitd
Oct 28 11:32:28 centos7 kernel: [  500]     0   500     6595       82      18        0             0 systemd-logind
Oct 28 11:32:28 centos7 kernel: [  501]    81   501    14530      141      34        0          -900 dbus-daemon
Oct 28 11:32:28 centos7 kernel: [  505]   998   505    29449      129      29        0             0 chronyd
Oct 28 11:32:28 centos7 kernel: [  549]     0   549     6477       51      18        0             0 atd
Oct 28 11:32:28 centos7 kernel: [  551]     0   551    31572      157      18        0             0 crond
Oct 28 11:32:28 centos7 kernel: [  564]     0   564    27527       33      11        0             0 agetty
Oct 28 11:32:28 centos7 kernel: [  565]     0   565    27527       34      10        0             0 agetty
Oct 28 11:32:28 centos7 kernel: [  773]     0   773    25724      512      49        0             0 dhclient
Oct 28 11:32:28 centos7 kernel: [  836]     0   836   143550     3359      97        0             0 tuned
Oct 28 11:32:28 centos7 kernel: [  838]     0   838   123093      861     106        0             0 rsyslogd
Oct 28 11:32:28 centos7 kernel: [  840]     0   840   216697     7247     107        0          -500 dockerd
Oct 28 11:32:28 centos7 kernel: [  918]     0   918     8133      358      20        0             0 AliYunDunUpdate
Oct 28 11:32:28 centos7 kernel: [ 1000]     0  1000    32067      851      58        0             0 AliYunDun
Oct 28 11:32:28 centos7 kernel: [ 1163]     0  1163    28230      256      57        0         -1000 sshd
Oct 28 11:32:28 centos7 kernel: [ 1520]     0  1520    10186      171      11        0             0 aliyun-service
Oct 28 11:32:28 centos7 kernel: [ 8169]     0  8169    39330      339      79        0             0 sshd
Oct 28 11:32:28 centos7 kernel: [ 8171]  1000  8171    39330      353      77        0             0 sshd
Oct 28 11:32:28 centos7 kernel: [ 8172]  1000  8172    28915      178      15        0             0 bash
Oct 28 11:32:28 centos7 kernel: [10631]  1000 10631     5010       62      15        0             0 tmux
Oct 28 11:32:28 centos7 kernel: [10633]  1000 10633     7381     1925      20        0             0 tmux
Oct 28 11:32:28 centos7 kernel: [10638]  1000 10638    28941      181      13        0             0 bash
Oct 28 11:32:28 centos7 kernel: [10664]  1000 10664    28941      180      13        0             0 bash
Oct 28 11:32:28 centos7 kernel: [ 7966]     0  7966    68051      643      22        0          -500 docker-containe
Oct 28 11:32:29 centos7 kernel: [ 8025]     0  8025    22069     1661      35        0             0 php-fpm
Oct 28 11:32:29 centos7 kernel: [ 8226]     0  8226    24996      620      15        0          -500 docker-proxy
Oct 28 11:32:29 centos7 kernel: [ 8330]     0  8330    24996      107      14        0          -500 docker-proxy
Oct 28 11:32:29 centos7 kernel: [ 8381]     0  8381    68051      126      22        0          -500 docker-containe
Oct 28 11:32:29 centos7 kernel: [ 8471]     0  8471     1556      290       7        0             0 nginx
Oct 28 11:32:29 centos7 kernel: [ 8883]   101  8883     1799      535       7        0             0 nginx
Oct 28 11:32:29 centos7 kernel: [ 8907]    33  8907    22175     1747      35        0             0 php-fpm
Oct 28 11:32:29 centos7 kernel: [ 8908]    33  8908    22167     1721      34        0             0 php-fpm
Oct 28 11:32:29 centos7 kernel: [10710]     0 10710    74886      846      31        0          -500 docker-containe
Oct 28 11:32:29 centos7 kernel: [13007]     0 13007    24996      107      15        0          -500 docker-proxy
Oct 28 11:32:29 centos7 kernel: [13020]     0 13020    68051      635      22        0          -500 docker-containe
Oct 28 11:32:29 centos7 kernel: [13036]   999 13036   966829   110083     308        0             0 mysqld
Oct 28 11:32:29 centos7 kernel: [13186]  1000 13186    67548      836      29        0             0 docker
Oct 28 11:32:29 centos7 kernel: [13257]     0 13257    49618      128      20        0          -500 docker-containe
Oct 28 11:32:29 centos7 kernel: [13284]     0 13284      189        9       3        0             0 tini
Oct 28 11:32:29 centos7 kernel: [13360]     0 13360    82362    76663     164        0             0 php
Oct 28 11:32:29 centos7 kernel: Out of memory: Kill process 13036 (mysqld) score 435 or sacrifice child
Oct 28 11:32:29 centos7 kernel: Killed process 13036 (mysqld) total-vm:3867316kB, anon-rss:440332kB, file-rss:0kB, shmem-rss:0kB
```
## 1.3. 内存检测
```shell
$ free -m
```
```shell
              total        used        free      shared  buff/cache   available
Mem:            991         615         172           0         202         238
Swap:             0           0           0
```
可以看出交换空间没有开启

## 1.4. 问题查询
	php composer update 所需占用内存大概为1.5G……这个，docker官方composer镜像给出的解决方案是增加交换空间。
但是这个，不太想改呀！

## 1.5. 处理方式
暂留

> [composer排错](https://getcomposer.org/doc/articles/troubleshooting.md#proc-open-fork-failed-errors)