# 1. 系统盘扩容
[阿里云](https://help.aliyun.com/document_detail/111738.html?spm=a2c4g.11186623.6.823.4b573f87IA6BSx)

## 1.1. 扩展低内核版本案例
```shell
[root@iZ94qvoe5zzZ logs]# yum install -y dracut-modules-growroot
[root@iZ94qvoe5zzZ logs]# dracut -f
[root@iZ94qvoe5zzZ logs]# fdisk -l

Disk /dev/vda: 42.9 GB, 42949672960 bytes
255 heads, 63 sectors/track, 5221 cylinders
Units = cylinders of 16065 * 512 = 8225280 bytes
Sector size (logical/physical): 512 bytes / 512 bytes
I/O size (minimum/optimal): 512 bytes / 512 bytes
Disk identifier: 0x00078f9c

   Device Boot      Start         End      Blocks   Id  System
/dev/vda1   *           1        2611    20970496   83  Linux

Disk /dev/vdb: 161.1 GB, 161061273600 bytes
16 heads, 63 sectors/track, 312076 cylinders
Units = cylinders of 1008 * 512 = 516096 bytes
Sector size (logical/physical): 512 bytes / 512 bytes
I/O size (minimum/optimal): 512 bytes / 512 bytes
Disk identifier: 0x00000000

[root@iZ94qvoe5zzZ logs]# df -h
Filesystem      Size  Used Avail Use% Mounted on
/dev/vda1        20G   18G  1.2G  94% /
tmpfs           3.9G     0  3.9G   0% /dev/shm
/dev/vdb         50G   14G   34G  29% /data1
[root@iZ94qvoe5zzZ logs]# growpart /dev/vda 1
CHANGED: partition=1 start=2048 old: size=41940992 end=41943040 new: size=83873317,end=83875365
[root@iZ94qvoe5zzZ logs]# df -h
Filesystem      Size  Used Avail Use% Mounted on
/dev/vda1        20G   18G  1.2G  94% /
tmpfs           3.9G     0  3.9G   0% /dev/shm
/dev/vdb         50G   14G   34G  29% /data1

[root@iZ94qvoe5zzZ ~]# resize2fs /dev/vda1
resize2fs 1.41.12 (17-May-2010)
Filesystem at /dev/vda1 is mounted on /; on-line resizing required
old desc_blocks = 2, new_desc_blocks = 3
Performing an on-line resize of /dev/vda1 to 10484164 (4k) blocks.
The filesystem on /dev/vda1 is now 10484164 blocks long.

[root@iZ94qvoe5zzZ ~]# df -h
Filesystem      Size  Used Avail Use% Mounted on
/dev/vda1        40G   18G   20G  48% /
tmpfs           3.9G     0  3.9G   0% /dev/shm
/dev/vdb         50G   14G   34G  29% /data1

```