# 1. 数据盘挂载
## 1.1. 查看是否有未使用的数据盘
如果没有下边的这些，应该就是没有使用过吧
Disk label type: dos
Disk identifier: 0x000d64b4

```shell
[root@VM_252_166_centos ~]# fdisk -l

Disk /dev/vda: 53.7 GB, 53687091200 bytes, 104857600 sectors
Units = sectors of 1 * 512 = 512 bytes
Sector size (logical/physical): 512 bytes / 512 bytes
I/O size (minimum/optimal): 512 bytes / 512 bytes
Disk label type: dos
Disk identifier: 0x000d64b4

   Device Boot      Start         End      Blocks   Id  System
/dev/vda1   *        2048   104857566    52427759+  83  Linux

Disk /dev/vdb: 214.7 GB, 214748364800 bytes, 419430400 sectors
Units = sectors of 1 * 512 = 512 bytes
Sector size (logical/physical): 512 bytes / 512 bytes
I/O size (minimum/optimal): 512 bytes / 512 bytes

```

## 1.2. 挂载数据硬盘
输入"fdisk /dev/vdb"，然后根据下图的提示，输入n，p，1，回车，回车，wq，保存退出。

```shell
[root@VM_252_166_centos ~]# fdisk /dev/vdb
Welcome to fdisk (util-linux 2.23.2).

Changes will remain in memory only, until you decide to write them.
Be careful before using the write command.

Device does not contain a recognized partition table
Building a new DOS disklabel with disk identifier 0x207c2863.

Command (m for help): n
Partition type:
   p   primary (0 primary, 0 extended, 4 free)
   e   extended
Select (default p): p
Partition number (1-4, default 1): 1
First sector (2048-419430399, default 2048): 
Using default value 2048
Last sector, +sectors or +size{K,M,G} (2048-419430399, default 419430399): 
Using default value 419430399
Partition 1 of type Linux and of size 200 GiB is set

Command (m for help): wq
The partition table has been altered!

Calling ioctl() to re-read partition table.
Syncing disks.

```

完毕之后，进行验证：
```shell
[root@VM_252_166_centos ~]# fdisk -l

Disk /dev/vda: 53.7 GB, 53687091200 bytes, 104857600 sectors
Units = sectors of 1 * 512 = 512 bytes
Sector size (logical/physical): 512 bytes / 512 bytes
I/O size (minimum/optimal): 512 bytes / 512 bytes
Disk label type: dos
Disk identifier: 0x000d64b4

   Device Boot      Start         End      Blocks   Id  System
/dev/vda1   *        2048   104857566    52427759+  83  Linux

Disk /dev/vdb: 214.7 GB, 214748364800 bytes, 419430400 sectors
Units = sectors of 1 * 512 = 512 bytes
Sector size (logical/physical): 512 bytes / 512 bytes
I/O size (minimum/optimal): 512 bytes / 512 bytes
Disk label type: dos
Disk identifier: 0x207c2863

   Device Boot      Start         End      Blocks   Id  System
/dev/vdb1            2048   419430399   209714176   83  Linux

```
现在用 `df -h` 发现暂时还没有

## 1.3. 格式化分区
### 1.3.1. 格式化挂载数据硬盘分区
使用 `mkfs.ext4 /dev/vdb1` 进行操作

```shell
[root@VM_252_166_centos ~]# mkf
mkfifo       mkfontdir    mkfontscale  mkfs         mkfs.btrfs   mkfs.cramfs  mkfs.ext2    mkfs.ext3    mkfs.ext4    mkfs.minix   mkfs.xfs     
[root@VM_252_166_centos ~]# mkfs
mkfs         mkfs.btrfs   mkfs.cramfs  mkfs.ext2    mkfs.ext3    mkfs.ext4    mkfs.minix   mkfs.xfs     
[root@VM_252_166_centos ~]# mkfs.ext
mkfs.ext2  mkfs.ext3  mkfs.ext4  
[root@VM_252_166_centos ~]# mkfs.ext4 /dev/vdb
vdb   vdb1  
[root@VM_252_166_centos ~]# mkfs.ext4 /dev/vdb1 
mke2fs 1.42.9 (28-Dec-2013)
Filesystem label=
OS type: Linux
Block size=4096 (log=2)
Fragment size=4096 (log=2)
Stride=0 blocks, Stripe width=0 blocks
13107200 inodes, 52428544 blocks
2621427 blocks (5.00%) reserved for the super user
First data block=0
Maximum filesystem blocks=2199912448
1600 block groups
32768 blocks per group, 32768 fragments per group
8192 inodes per group
Superblock backups stored on blocks: 
	32768, 98304, 163840, 229376, 294912, 819200, 884736, 1605632, 2654208, 
	4096000, 7962624, 11239424, 20480000, 23887872

Allocating group tables: done                            
Writing inode tables: done                            
Creating journal (32768 blocks): done
Writing superblocks and filesystem accounting information: done     

```
### 1.3.2. 创建目录挂载
```shell
[root@VM_252_166_centos ~]# echo '/dev/vdb1  /mnt ext4    defaults    0  0' >> /etc/fstab
[root@VM_252_166_centos ~]# mount /dev/vdb1 /mnt/data
mount: mount point /mnt/data does not exist
[root@VM_252_166_centos ~]# mkdir /mnt/data
[root@VM_252_166_centos ~]# mount /dev/vdb1 /mnt/data
```
校验，发现已经挂载成功：
```shell
[root@VM_252_166_centos ~]# df -h
Filesystem      Size  Used Avail Use% Mounted on
/dev/vda1        50G   47G  620M  99% /
devtmpfs        3.9G     0  3.9G   0% /dev
tmpfs           3.9G   24K  3.9G   1% /dev/shm
tmpfs           3.9G  1.4M  3.9G   1% /run
tmpfs           3.9G     0  3.9G   0% /sys/fs/cgroup
tmpfs           783M     0  783M   0% /run/user/0
overlay          50G   47G  620M  99% /var/lib/docker/overlay2/4b5cf202cc99b7a1d6bf3857ae800c2a2136158168280902b35638ea80f3af4b/merged
shm              64M     0   64M   0% /var/lib/docker/containers/aa77136786f33947f8bdaf2132f5bae458453c13df37d1d4ed49ec680aaaa49a/mounts/shm
overlay          50G   47G  620M  99% /var/lib/docker/overlay2/e479dfb3ad588fd3e6a09c8ad7640b88fe60c945a6d7fd5aa2d1426ce17bcf40/merged
shm              64M     0   64M   0% /var/lib/docker/containers/cb16eb1a06b2e5cb33a14adda8b4d3cf2b76735cb3cb232f4b576efbfc495369/mounts/shm
overlay          50G   47G  620M  99% /var/lib/docker/overlay2/4181032857db058710bf7bcb24a1c0153c74cd97ff3d827c181174f4e1acddc7/merged
shm              64M     0   64M   0% /var/lib/docker/containers/dfe8fe79a657b004dbbafa28779386d77453683ac2e44644207f0332588489b0/mounts/shm
overlay          50G   47G  620M  99% /var/lib/docker/overlay2/bf8dabbef3279b2eb061a61a8a6f18455982796b77f6429eb5f716d6f633ce62/merged
shm              64M     0   64M   0% /var/lib/docker/containers/bd87332099ad61dd2cc622041a38e5c09dc40acac9c2161aa92a4511923f2fa3/mounts/shm
overlay          50G   47G  620M  99% /var/lib/docker/overlay2/0ce08c76e502ac65272ac3cbc19f0c63ee01ae119e0d827e01eb46b7b492d279/merged
shm              64M     0   64M   0% /var/lib/docker/containers/98b5bdd8bf0ab117325498f878c70ad2eceee4c5eaa767a5d71a7fa293091533/mounts/shm
overlay          50G   47G  620M  99% /var/lib/docker/overlay2/b123f9fcae0fd50e68c7f525b0044b78da93915c95f69d105fdb411ba9ad2f05/merged
shm              64M     0   64M   0% /var/lib/docker/containers/d8364c32d10a929c673a415a3d1eb837295b00e63588653e35eba5cd8162b03e/mounts/shm
/dev/vdb1       197G   61M  187G   1% /mnt/data
[root@VM_252_166_centos ~]#
```